
     a     b     c     d     e     f     g     h    
  +-----+-----+-----+-----+-----+-----+-----+-----+
8 |  ♖  |  ♘  |  ♗  |  ♕  |  ♔  |  ♗  |  ♘  |  ♖  |
  +-----+-----+-----+-----+-----+-----+-----+-----+
7 |  ♙  |  ♙  |  ♙  |  ♙  |  ♙  |  ♙  |  ♙  |  ♙  |
  +-----+-----+-----+-----+-----+-----+-----+-----+
6 |     |     |     |     |     |     |     |     |
  +-----+-----+-----+-----+-----+-----+-----+-----+
5 |     |     |     |     |     |     |     |     |
  +-----+-----+-----+-----+-----+-----+-----+-----+
4 |     |     |     |     |     |     |     |     |
  +-----+-----+-----+-----+-----+-----+-----+-----+
3 |     |     |     |     |     |     |     |     |
  +-----+-----+-----+-----+-----+-----+-----+-----+
2 |  ♟  |  ♟  |  ♟  |  ♟  |  ♟  |  ♟  |  ♟  |  ♟  |
  +-----+-----+-----+-----+-----+-----+-----+-----+
1 |  ♜  |  ♞  |  ♝  |  ♛  |  ♚  |  ♝  |  ♞  |  ♜  |
  +-----+-----+-----+-----+-----+-----+-----+-----+
 player White to play
a1a3
moove not allowed

     a     b     c     d     e     f     g     h    
  +-----+-----+-----+-----+-----+-----+-----+-----+
8 |  ♖  |  ♘  |  ♗  |  ♕  |  ♔  |  ♗  |  ♘  |  ♖  |
  +-----+-----+-----+-----+-----+-----+-----+-----+
7 |  ♙  |  ♙  |  ♙  |  ♙  |  ♙  |  ♙  |  ♙  |  ♙  |
  +-----+-----+-----+-----+-----+-----+-----+-----+
6 |     |     |     |     |     |     |     |     |
  +-----+-----+-----+-----+-----+-----+-----+-----+
5 |     |     |     |     |     |     |     |     |
  +-----+-----+-----+-----+-----+-----+-----+-----+
4 |     |     |     |     |     |     |     |     |
  +-----+-----+-----+-----+-----+-----+-----+-----+
3 |     |     |     |     |     |     |     |     |
  +-----+-----+-----+-----+-----+-----+-----+-----+
2 |  ♟  |  ♟  |  ♟  |  ♟  |  ♟  |  ♟  |  ♟  |  ♟  |
  +-----+-----+-----+-----+-----+-----+-----+-----+
1 |  ♜  |  ♞  |  ♝  |  ♛  |  ♚  |  ♝  |  ♞  |  ♜  |
  +-----+-----+-----+-----+-----+-----+-----+-----+
 player White to play
a2a4
coup bien joué, on change de personne

     a     b     c     d     e     f     g     h    
  +-----+-----+-----+-----+-----+-----+-----+-----+
8 |  ♖  |  ♘  |  ♗  |  ♕  |  ♔  |  ♗  |  ♘  |  ♖  |
  +-----+-----+-----+-----+-----+-----+-----+-----+
7 |  ♙  |  ♙  |  ♙  |  ♙  |  ♙  |  ♙  |  ♙  |  ♙  |
  +-----+-----+-----+-----+-----+-----+-----+-----+
6 |     |     |     |     |     |     |     |     |
  +-----+-----+-----+-----+-----+-----+-----+-----+
5 |     |     |     |     |     |     |     |     |
  +-----+-----+-----+-----+-----+-----+-----+-----+
4 |  ♟  |     |     |     |     |     |     |     |
  +-----+-----+-----+-----+-----+-----+-----+-----+
3 |     |     |     |     |     |     |     |     |
  +-----+-----+-----+-----+-----+-----+-----+-----+
2 |     |  ♟  |  ♟  |  ♟  |  ♟  |  ♟  |  ♟  |  ♟  |
  +-----+-----+-----+-----+-----+-----+-----+-----+
1 |  ♜  |  ♞  |  ♝  |  ♛  |  ♚  |  ♝  |  ♞  |  ♜  |
  +-----+-----+-----+-----+-----+-----+-----+-----+
 player Black to play
a8a6
moove not allowed

     a     b     c     d     e     f     g     h    
  +-----+-----+-----+-----+-----+-----+-----+-----+
8 |  ♖  |  ♘  |  ♗  |  ♕  |  ♔  |  ♗  |  ♘  |  ♖  |
  +-----+-----+-----+-----+-----+-----+-----+-----+
7 |  ♙  |  ♙  |  ♙  |  ♙  |  ♙  |  ♙  |  ♙  |  ♙  |
  +-----+-----+-----+-----+-----+-----+-----+-----+
6 |     |     |     |     |     |     |     |     |
  +-----+-----+-----+-----+-----+-----+-----+-----+
5 |     |     |     |     |     |     |     |     |
  +-----+-----+-----+-----+-----+-----+-----+-----+
4 |  ♟  |     |     |     |     |     |     |     |
  +-----+-----+-----+-----+-----+-----+-----+-----+
3 |     |     |     |     |     |     |     |     |
  +-----+-----+-----+-----+-----+-----+-----+-----+
2 |     |  ♟  |  ♟  |  ♟  |  ♟  |  ♟  |  ♟  |  ♟  |
  +-----+-----+-----+-----+-----+-----+-----+-----+
1 |  ♜  |  ♞  |  ♝  |  ♛  |  ♚  |  ♝  |  ♞  |  ♜  |
  +-----+-----+-----+-----+-----+-----+-----+-----+
 player Black to play
a7a5
coup bien joué, on change de personne

     a     b     c     d     e     f     g     h    
  +-----+-----+-----+-----+-----+-----+-----+-----+
8 |  ♖  |  ♘  |  ♗  |  ♕  |  ♔  |  ♗  |  ♘  |  ♖  |
  +-----+-----+-----+-----+-----+-----+-----+-----+
7 |     |  ♙  |  ♙  |  ♙  |  ♙  |  ♙  |  ♙  |  ♙  |
  +-----+-----+-----+-----+-----+-----+-----+-----+
6 |     |     |     |     |     |     |     |     |
  +-----+-----+-----+-----+-----+-----+-----+-----+
5 |  ♙  |     |     |     |     |     |     |     |
  +-----+-----+-----+-----+-----+-----+-----+-----+
4 |  ♟  |     |     |     |     |     |     |     |
  +-----+-----+-----+-----+-----+-----+-----+-----+
3 |     |     |     |     |     |     |     |     |
  +-----+-----+-----+-----+-----+-----+-----+-----+
2 |     |  ♟  |  ♟  |  ♟  |  ♟  |  ♟  |  ♟  |  ♟  |
  +-----+-----+-----+-----+-----+-----+-----+-----+
1 |  ♜  |  ♞  |  ♝  |  ♛  |  ♚  |  ♝  |  ♞  |  ♜  |
  +-----+-----+-----+-----+-----+-----+-----+-----+
 player White to play
a1a3
coup bien joué, on change de personne

     a     b     c     d     e     f     g     h    
  +-----+-----+-----+-----+-----+-----+-----+-----+
8 |  ♖  |  ♘  |  ♗  |  ♕  |  ♔  |  ♗  |  ♘  |  ♖  |
  +-----+-----+-----+-----+-----+-----+-----+-----+
7 |     |  ♙  |  ♙  |  ♙  |  ♙  |  ♙  |  ♙  |  ♙  |
  +-----+-----+-----+-----+-----+-----+-----+-----+
6 |     |     |     |     |     |     |     |     |
  +-----+-----+-----+-----+-----+-----+-----+-----+
5 |  ♙  |     |     |     |     |     |     |     |
  +-----+-----+-----+-----+-----+-----+-----+-----+
4 |  ♟  |     |     |     |     |     |     |     |
  +-----+-----+-----+-----+-----+-----+-----+-----+
3 |  ♜  |     |     |     |     |     |     |     |
  +-----+-----+-----+-----+-----+-----+-----+-----+
2 |     |  ♟  |  ♟  |  ♟  |  ♟  |  ♟  |  ♟  |  ♟  |
  +-----+-----+-----+-----+-----+-----+-----+-----+
1 |     |  ♞  |  ♝  |  ♛  |  ♚  |  ♝  |  ♞  |  ♜  |
  +-----+-----+-----+-----+-----+-----+-----+-----+
 player Black to play
a8a6
coup bien joué, on change de personne

     a     b     c     d     e     f     g     h    
  +-----+-----+-----+-----+-----+-----+-----+-----+
8 |     |  ♘  |  ♗  |  ♕  |  ♔  |  ♗  |  ♘  |  ♖  |
  +-----+-----+-----+-----+-----+-----+-----+-----+
7 |     |  ♙  |  ♙  |  ♙  |  ♙  |  ♙  |  ♙  |  ♙  |
  +-----+-----+-----+-----+-----+-----+-----+-----+
6 |  ♖  |     |     |     |     |     |     |     |
  +-----+-----+-----+-----+-----+-----+-----+-----+
5 |  ♙  |     |     |     |     |     |     |     |
  +-----+-----+-----+-----+-----+-----+-----+-----+
4 |  ♟  |     |     |     |     |     |     |     |
  +-----+-----+-----+-----+-----+-----+-----+-----+
3 |  ♜  |     |     |     |     |     |     |     |
  +-----+-----+-----+-----+-----+-----+-----+-----+
2 |     |  ♟  |  ♟  |  ♟  |  ♟  |  ♟  |  ♟  |  ♟  |
  +-----+-----+-----+-----+-----+-----+-----+-----+
1 |     |  ♞  |  ♝  |  ♛  |  ♚  |  ♝  |  ♞  |  ♜  |
  +-----+-----+-----+-----+-----+-----+-----+-----+
 player White to play
a3h3
coup bien joué, on change de personne

     a     b     c     d     e     f     g     h    
  +-----+-----+-----+-----+-----+-----+-----+-----+
8 |     |  ♘  |  ♗  |  ♕  |  ♔  |  ♗  |  ♘  |  ♖  |
  +-----+-----+-----+-----+-----+-----+-----+-----+
7 |     |  ♙  |  ♙  |  ♙  |  ♙  |  ♙  |  ♙  |  ♙  |
  +-----+-----+-----+-----+-----+-----+-----+-----+
6 |  ♖  |     |     |     |     |     |     |     |
  +-----+-----+-----+-----+-----+-----+-----+-----+
5 |  ♙  |     |     |     |     |     |     |     |
  +-----+-----+-----+-----+-----+-----+-----+-----+
4 |  ♟  |     |     |     |     |     |     |     |
  +-----+-----+-----+-----+-----+-----+-----+-----+
3 |     |     |     |     |     |     |     |  ♜  |
  +-----+-----+-----+-----+-----+-----+-----+-----+
2 |     |  ♟  |  ♟  |  ♟  |  ♟  |  ♟  |  ♟  |  ♟  |
  +-----+-----+-----+-----+-----+-----+-----+-----+
1 |     |  ♞  |  ♝  |  ♛  |  ♚  |  ♝  |  ♞  |  ♜  |
  +-----+-----+-----+-----+-----+-----+-----+-----+
 player Black to play
a6h6
coup bien joué, on change de personne

     a     b     c     d     e     f     g     h    
  +-----+-----+-----+-----+-----+-----+-----+-----+
8 |     |  ♘  |  ♗  |  ♕  |  ♔  |  ♗  |  ♘  |  ♖  |
  +-----+-----+-----+-----+-----+-----+-----+-----+
7 |     |  ♙  |  ♙  |  ♙  |  ♙  |  ♙  |  ♙  |  ♙  |
  +-----+-----+-----+-----+-----+-----+-----+-----+
6 |     |     |     |     |     |     |     |  ♖  |
  +-----+-----+-----+-----+-----+-----+-----+-----+
5 |  ♙  |     |     |     |     |     |     |     |
  +-----+-----+-----+-----+-----+-----+-----+-----+
4 |  ♟  |     |     |     |     |     |     |     |
  +-----+-----+-----+-----+-----+-----+-----+-----+
3 |     |     |     |     |     |     |     |  ♜  |
  +-----+-----+-----+-----+-----+-----+-----+-----+
2 |     |  ♟  |  ♟  |  ♟  |  ♟  |  ♟  |  ♟  |  ♟  |
  +-----+-----+-----+-----+-----+-----+-----+-----+
1 |     |  ♞  |  ♝  |  ♛  |  ♚  |  ♝  |  ♞  |  ♜  |
  +-----+-----+-----+-----+-----+-----+-----+-----+
 player White to play
h3e3
coup bien joué, on change de personne

     a     b     c     d     e     f     g     h    
  +-----+-----+-----+-----+-----+-----+-----+-----+
8 |     |  ♘  |  ♗  |  ♕  |  ♔  |  ♗  |  ♘  |  ♖  |
  +-----+-----+-----+-----+-----+-----+-----+-----+
7 |     |  ♙  |  ♙  |  ♙  |  ♙  |  ♙  |  ♙  |  ♙  |
  +-----+-----+-----+-----+-----+-----+-----+-----+
6 |     |     |     |     |     |     |     |  ♖  |
  +-----+-----+-----+-----+-----+-----+-----+-----+
5 |  ♙  |     |     |     |     |     |     |     |
  +-----+-----+-----+-----+-----+-----+-----+-----+
4 |  ♟  |     |     |     |     |     |     |     |
  +-----+-----+-----+-----+-----+-----+-----+-----+
3 |     |     |     |     |  ♜  |     |     |     |
  +-----+-----+-----+-----+-----+-----+-----+-----+
2 |     |  ♟  |  ♟  |  ♟  |  ♟  |  ♟  |  ♟  |  ♟  |
  +-----+-----+-----+-----+-----+-----+-----+-----+
1 |     |  ♞  |  ♝  |  ♛  |  ♚  |  ♝  |  ♞  |  ♜  |
  +-----+-----+-----+-----+-----+-----+-----+-----+
 player Black to play
h6e6
coup bien joué, on change de personne

     a     b     c     d     e     f     g     h    
  +-----+-----+-----+-----+-----+-----+-----+-----+
8 |     |  ♘  |  ♗  |  ♕  |  ♔  |  ♗  |  ♘  |  ♖  |
  +-----+-----+-----+-----+-----+-----+-----+-----+
7 |     |  ♙  |  ♙  |  ♙  |  ♙  |  ♙  |  ♙  |  ♙  |
  +-----+-----+-----+-----+-----+-----+-----+-----+
6 |     |     |     |     |  ♖  |     |     |     |
  +-----+-----+-----+-----+-----+-----+-----+-----+
5 |  ♙  |     |     |     |     |     |     |     |
  +-----+-----+-----+-----+-----+-----+-----+-----+
4 |  ♟  |     |     |     |     |     |     |     |
  +-----+-----+-----+-----+-----+-----+-----+-----+
3 |     |     |     |     |  ♜  |     |     |     |
  +-----+-----+-----+-----+-----+-----+-----+-----+
2 |     |  ♟  |  ♟  |  ♟  |  ♟  |  ♟  |  ♟  |  ♟  |
  +-----+-----+-----+-----+-----+-----+-----+-----+
1 |     |  ♞  |  ♝  |  ♛  |  ♚  |  ♝  |  ♞  |  ♜  |
  +-----+-----+-----+-----+-----+-----+-----+-----+
 player White to play
d2d3
coup bien joué, on change de personne

     a     b     c     d     e     f     g     h    
  +-----+-----+-----+-----+-----+-----+-----+-----+
8 |     |  ♘  |  ♗  |  ♕  |  ♔  |  ♗  |  ♘  |  ♖  |
  +-----+-----+-----+-----+-----+-----+-----+-----+
7 |     |  ♙  |  ♙  |  ♙  |  ♙  |  ♙  |  ♙  |  ♙  |
  +-----+-----+-----+-----+-----+-----+-----+-----+
6 |     |     |     |     |  ♖  |     |     |     |
  +-----+-----+-----+-----+-----+-----+-----+-----+
5 |  ♙  |     |     |     |     |     |     |     |
  +-----+-----+-----+-----+-----+-----+-----+-----+
4 |  ♟  |     |     |     |     |     |     |     |
  +-----+-----+-----+-----+-----+-----+-----+-----+
3 |     |     |     |  ♟  |  ♜  |     |     |     |
  +-----+-----+-----+-----+-----+-----+-----+-----+
2 |     |  ♟  |  ♟  |     |  ♟  |  ♟  |  ♟  |  ♟  |
  +-----+-----+-----+-----+-----+-----+-----+-----+
1 |     |  ♞  |  ♝  |  ♛  |  ♚  |  ♝  |  ♞  |  ♜  |
  +-----+-----+-----+-----+-----+-----+-----+-----+
 player Black to play
d7d6
coup bien joué, on change de personne

     a     b     c     d     e     f     g     h    
  +-----+-----+-----+-----+-----+-----+-----+-----+
8 |     |  ♘  |  ♗  |  ♕  |  ♔  |  ♗  |  ♘  |  ♖  |
  +-----+-----+-----+-----+-----+-----+-----+-----+
7 |     |  ♙  |  ♙  |     |  ♙  |  ♙  |  ♙  |  ♙  |
  +-----+-----+-----+-----+-----+-----+-----+-----+
6 |     |     |     |  ♙  |  ♖  |     |     |     |
  +-----+-----+-----+-----+-----+-----+-----+-----+
5 |  ♙  |     |     |     |     |     |     |     |
  +-----+-----+-----+-----+-----+-----+-----+-----+
4 |  ♟  |     |     |     |     |     |     |     |
  +-----+-----+-----+-----+-----+-----+-----+-----+
3 |     |     |     |  ♟  |  ♜  |     |     |     |
  +-----+-----+-----+-----+-----+-----+-----+-----+
2 |     |  ♟  |  ♟  |     |  ♟  |  ♟  |  ♟  |  ♟  |
  +-----+-----+-----+-----+-----+-----+-----+-----+
1 |     |  ♞  |  ♝  |  ♛  |  ♚  |  ♝  |  ♞  |  ♜  |
  +-----+-----+-----+-----+-----+-----+-----+-----+
 player White to play
f2f3
coup bien joué, on change de personne

     a     b     c     d     e     f     g     h    
  +-----+-----+-----+-----+-----+-----+-----+-----+
8 |     |  ♘  |  ♗  |  ♕  |  ♔  |  ♗  |  ♘  |  ♖  |
  +-----+-----+-----+-----+-----+-----+-----+-----+
7 |     |  ♙  |  ♙  |     |  ♙  |  ♙  |  ♙  |  ♙  |
  +-----+-----+-----+-----+-----+-----+-----+-----+
6 |     |     |     |  ♙  |  ♖  |     |     |     |
  +-----+-----+-----+-----+-----+-----+-----+-----+
5 |  ♙  |     |     |     |     |     |     |     |
  +-----+-----+-----+-----+-----+-----+-----+-----+
4 |  ♟  |     |     |     |     |     |     |     |
  +-----+-----+-----+-----+-----+-----+-----+-----+
3 |     |     |     |  ♟  |  ♜  |  ♟  |     |     |
  +-----+-----+-----+-----+-----+-----+-----+-----+
2 |     |  ♟  |  ♟  |     |  ♟  |     |  ♟  |  ♟  |
  +-----+-----+-----+-----+-----+-----+-----+-----+
1 |     |  ♞  |  ♝  |  ♛  |  ♚  |  ♝  |  ♞  |  ♜  |
  +-----+-----+-----+-----+-----+-----+-----+-----+
 player Black to play
f7f6
coup bien joué, on change de personne

     a     b     c     d     e     f     g     h    
  +-----+-----+-----+-----+-----+-----+-----+-----+
8 |     |  ♘  |  ♗  |  ♕  |  ♔  |  ♗  |  ♘  |  ♖  |
  +-----+-----+-----+-----+-----+-----+-----+-----+
7 |     |  ♙  |  ♙  |     |  ♙  |     |  ♙  |  ♙  |
  +-----+-----+-----+-----+-----+-----+-----+-----+
6 |     |     |     |  ♙  |  ♖  |  ♙  |     |     |
  +-----+-----+-----+-----+-----+-----+-----+-----+
5 |  ♙  |     |     |     |     |     |     |     |
  +-----+-----+-----+-----+-----+-----+-----+-----+
4 |  ♟  |     |     |     |     |     |     |     |
  +-----+-----+-----+-----+-----+-----+-----+-----+
3 |     |     |     |  ♟  |  ♜  |  ♟  |     |     |
  +-----+-----+-----+-----+-----+-----+-----+-----+
2 |     |  ♟  |  ♟  |     |  ♟  |     |  ♟  |  ♟  |
  +-----+-----+-----+-----+-----+-----+-----+-----+
1 |     |  ♞  |  ♝  |  ♛  |  ♚  |  ♝  |  ♞  |  ♜  |
  +-----+-----+-----+-----+-----+-----+-----+-----+
 player White to play
e3c3
moove not allowed

     a     b     c     d     e     f     g     h    
  +-----+-----+-----+-----+-----+-----+-----+-----+
8 |     |  ♘  |  ♗  |  ♕  |  ♔  |  ♗  |  ♘  |  ♖  |
  +-----+-----+-----+-----+-----+-----+-----+-----+
7 |     |  ♙  |  ♙  |     |  ♙  |     |  ♙  |  ♙  |
  +-----+-----+-----+-----+-----+-----+-----+-----+
6 |     |     |     |  ♙  |  ♖  |  ♙  |     |     |
  +-----+-----+-----+-----+-----+-----+-----+-----+
5 |  ♙  |     |     |     |     |     |     |     |
  +-----+-----+-----+-----+-----+-----+-----+-----+
4 |  ♟  |     |     |     |     |     |     |     |
  +-----+-----+-----+-----+-----+-----+-----+-----+
3 |     |     |     |  ♟  |  ♜  |  ♟  |     |     |
  +-----+-----+-----+-----+-----+-----+-----+-----+
2 |     |  ♟  |  ♟  |     |  ♟  |     |  ♟  |  ♟  |
  +-----+-----+-----+-----+-----+-----+-----+-----+
1 |     |  ♞  |  ♝  |  ♛  |  ♚  |  ♝  |  ♞  |  ♜  |
  +-----+-----+-----+-----+-----+-----+-----+-----+
 player White to play
e3g3
moove not allowed

     a     b     c     d     e     f     g     h    
  +-----+-----+-----+-----+-----+-----+-----+-----+
8 |     |  ♘  |  ♗  |  ♕  |  ♔  |  ♗  |  ♘  |  ♖  |
  +-----+-----+-----+-----+-----+-----+-----+-----+
7 |     |  ♙  |  ♙  |     |  ♙  |     |  ♙  |  ♙  |
  +-----+-----+-----+-----+-----+-----+-----+-----+
6 |     |     |     |  ♙  |  ♖  |  ♙  |     |     |
  +-----+-----+-----+-----+-----+-----+-----+-----+
5 |  ♙  |     |     |     |     |     |     |     |
  +-----+-----+-----+-----+-----+-----+-----+-----+
4 |  ♟  |     |     |     |     |     |     |     |
  +-----+-----+-----+-----+-----+-----+-----+-----+
3 |     |     |     |  ♟  |  ♜  |  ♟  |     |     |
  +-----+-----+-----+-----+-----+-----+-----+-----+
2 |     |  ♟  |  ♟  |     |  ♟  |     |  ♟  |  ♟  |
  +-----+-----+-----+-----+-----+-----+-----+-----+
1 |     |  ♞  |  ♝  |  ♛  |  ♚  |  ♝  |  ♞  |  ♜  |
  +-----+-----+-----+-----+-----+-----+-----+-----+
 player White to play
b2b3
coup bien joué, on change de personne

     a     b     c     d     e     f     g     h    
  +-----+-----+-----+-----+-----+-----+-----+-----+
8 |     |  ♘  |  ♗  |  ♕  |  ♔  |  ♗  |  ♘  |  ♖  |
  +-----+-----+-----+-----+-----+-----+-----+-----+
7 |     |  ♙  |  ♙  |     |  ♙  |     |  ♙  |  ♙  |
  +-----+-----+-----+-----+-----+-----+-----+-----+
6 |     |     |     |  ♙  |  ♖  |  ♙  |     |     |
  +-----+-----+-----+-----+-----+-----+-----+-----+
5 |  ♙  |     |     |     |     |     |     |     |
  +-----+-----+-----+-----+-----+-----+-----+-----+
4 |  ♟  |     |     |     |     |     |     |     |
  +-----+-----+-----+-----+-----+-----+-----+-----+
3 |     |  ♟  |     |  ♟  |  ♜  |  ♟  |     |     |
  +-----+-----+-----+-----+-----+-----+-----+-----+
2 |     |     |  ♟  |     |  ♟  |     |  ♟  |  ♟  |
  +-----+-----+-----+-----+-----+-----+-----+-----+
1 |     |  ♞  |  ♝  |  ♛  |  ♚  |  ♝  |  ♞  |  ♜  |
  +-----+-----+-----+-----+-----+-----+-----+-----+
 player Black to play
e6c6
moove not allowed

     a     b     c     d     e     f     g     h    
  +-----+-----+-----+-----+-----+-----+-----+-----+
8 |     |  ♘  |  ♗  |  ♕  |  ♔  |  ♗  |  ♘  |  ♖  |
  +-----+-----+-----+-----+-----+-----+-----+-----+
7 |     |  ♙  |  ♙  |     |  ♙  |     |  ♙  |  ♙  |
  +-----+-----+-----+-----+-----+-----+-----+-----+
6 |     |     |     |  ♙  |  ♖  |  ♙  |     |     |
  +-----+-----+-----+-----+-----+-----+-----+-----+
5 |  ♙  |     |     |     |     |     |     |     |
  +-----+-----+-----+-----+-----+-----+-----+-----+
4 |  ♟  |     |     |     |     |     |     |     |
  +-----+-----+-----+-----+-----+-----+-----+-----+
3 |     |  ♟  |     |  ♟  |  ♜  |  ♟  |     |     |
  +-----+-----+-----+-----+-----+-----+-----+-----+
2 |     |     |  ♟  |     |  ♟  |     |  ♟  |  ♟  |
  +-----+-----+-----+-----+-----+-----+-----+-----+
1 |     |  ♞  |  ♝  |  ♛  |  ♚  |  ♝  |  ♞  |  ♜  |
  +-----+-----+-----+-----+-----+-----+-----+-----+
 player Black to play
e6g6
moove not allowed

     a     b     c     d     e     f     g     h    
  +-----+-----+-----+-----+-----+-----+-----+-----+
8 |     |  ♘  |  ♗  |  ♕  |  ♔  |  ♗  |  ♘  |  ♖  |
  +-----+-----+-----+-----+-----+-----+-----+-----+
7 |     |  ♙  |  ♙  |     |  ♙  |     |  ♙  |  ♙  |
  +-----+-----+-----+-----+-----+-----+-----+-----+
6 |     |     |     |  ♙  |  ♖  |  ♙  |     |     |
  +-----+-----+-----+-----+-----+-----+-----+-----+
5 |  ♙  |     |     |     |     |     |     |     |
  +-----+-----+-----+-----+-----+-----+-----+-----+
4 |  ♟  |     |     |     |     |     |     |     |
  +-----+-----+-----+-----+-----+-----+-----+-----+
3 |     |  ♟  |     |  ♟  |  ♜  |  ♟  |     |     |
  +-----+-----+-----+-----+-----+-----+-----+-----+
2 |     |     |  ♟  |     |  ♟  |     |  ♟  |  ♟  |
  +-----+-----+-----+-----+-----+-----+-----+-----+
1 |     |  ♞  |  ♝  |  ♛  |  ♚  |  ♝  |  ♞  |  ♜  |
  +-----+-----+-----+-----+-----+-----+-----+-----+
 player Black to play
you've asked for the end of the game
end of the game
